// Jest Snapshot v1, https://goo.gl/fbAQLP

exports[`<Footer /> should render the heading 1`] = `
<div
  class=""
>
  <h1>
    Footer
  </h1>
</div>
`
